
> frontend@0.1.0 test
> jest components/payment/bank-card-form.test.tsx components/payment/baridimob-form.test.tsx

node.exe : FAIL __tes
ts__/components/payme
nt/bank-card-form.tes
t.tsx
Au caractère Ligne:1 
: 1
+ & "C:\Program Files
\nodejs/node.exe" 
"C:\Program 
Files\nodejs/node_mo 
...
+ ~~~~~~~~~~~~~~~~~~~
~~~~~~~~~~~~~~~~~~~~~
~~~~~~~~~~~~~~~~~~~~~
~~~~~~~~
    + CategoryInfo   
           : NotSpe  
  cified: (FAIL __   
 tests__/...d-for    
m.test.tsx:Strin    
g) [], RemoteExc    
eption
    + FullyQualified 
   ErrorId : Native  
  CommandError
 
  ÔùÅ BankCardForm 
ÔÇ║ renders payment 
form with amount

    TestingLibraryEle
mentError: Unable to 
find an element with 
the text: 
Ïº┘ä┘àÏ¿┘äÏ║: 1,000 
DZD. This could be 
because the text is 
broken up by 
multiple elements. 
In this case, you 
can provide a 
function for your 
text matcher to make 
your matcher more 
flexible.

    Ignored nodes: 
comments, script, 
style
    [36m<body>[39m
      [36m<div>[39m
        
[36m<div[39m
          [33mclass
[39m=[32m"bg-card/50
 backdrop-blur-xl 
text-card-foreground 
flex flex-col gap-6 
rounded-xl border 
border-white/10 py-6 
shadow-lg 
transition-all 
duration-300 hover:sh
adow-primary/5"[39m
          [33mdata-s
lot[39m=[32m"card"
[39m
        [36m>[39m
          
[36m<div[39m
            [33mclas
s[39m=[32m"@contain
er/card-header grid 
auto-rows-min grid-ro
ws-[auto_auto] 
items-start gap-2 
px-6 has-data-[slot=c
ard-action]:grid-cols
-[1fr_auto] [.border-
b]:pb-6"[39m
            [33mdata
-slot[39m=[32m"card
-header"[39m
          [36m>[39m
            
[36m<div[39m
              [33mcl
ass[39m=[32m"leadin
g-none font-semibold 
flex items-center 
gap-2"[39m
              [33mda
ta-slot[39m=[32m"ca
rd-title"[39m
            
[36m>[39m
              
[36m<svg[39m
                [33m
aria-hidden[39m=[32
m"true"[39m
                [33m
class[39m=[32m"luci
de 
lucide-credit-card 
h-5 w-5"[39m
                [33m
fill[39m=[32m"none"
[39m
                [33m
height[39m=[32m"24"
[39m
                [33m
stroke[39m=[32m"cur
rentColor"[39m
                [33m
stroke-linecap[39m=
[32m"round"[39m
                [33m
stroke-linejoin[39m=
[32m"round"[39m
                [33m
stroke-width[39m=[3
2m"2"[39m
                [33m
viewBox[39m=[32m"0 
0 24 24"[39m
                [33m
width[39m=[32m"24"
[39m
                [33m
xmlns[39m=[32m"http
://www.w3.org/2000/sv
g"[39m
              
[36m>[39m
                
[36m<rect[39m
                  [3
3mheight[39m=[32m"1
4"[39m
                  [3
3mrx[39m=[32m"2"[3
9m
                  [3
3mwidth[39m=[32m"20
"[39m
                  [3
3mx[39m=[32m"2"[39
m
                  [3
3my[39m=[32m"5"[39
m
                
[36m/>[39m
                
[36m<line[39m
                  [3
3mx1[39m=[32m"2"[3
9m
                  [3
3mx2[39m=[32m"22"[
39m
                  [3
3my1[39m=[32m"10"[
39m
                  [3
3my2[39m=[32m"10"[
39m
                
[36m/>[39m
              
[36m</svg>[39m
              
[0mÏº┘äÏ»┘üÏ╣ 
Ï¿Ïº┘äÏ¿ÏÀÏº┘éÏ® 
Ïº┘äÏ¿┘å┘â┘èÏ®[0m
            
[36m</div>[39m
            
[36m<div[39m
              [33mcl
ass[39m=[32m"text-m
uted-foreground 
text-sm"[39m
              [33mda
ta-slot[39m=[32m"ca
rd-description"[39m
            
[36m>[39m
              
[0mÏº┘ä┘àÏ¿┘äÏ║: 
[0m
              
[0m1.000[0m
              [0m 
[0m
              
[0mDZD[0m
            
[36m</div>[39m
          
[36m</div>[39m
          
[36m<div[39m
            [33mclas
s[39m=[32m"px-6"[3
9m
            [33mdata
-slot[39m=[32m"card
-content"[39m
          [36m>[39m
            
[36m<form[39m
              [33mcl
ass[39m=[32m"space-
y-4"[39m
            
[36m>[39m
              
[36m<div[39m
                [33m
class[39m=[32m"spac
e-y-2"[39m
              
[36m>[39m
                
[36m<label[39m
                  [3
3mclass[39m=[32m"fl
ex items-center 
gap-2 text-sm 
leading-none 
font-medium 
select-none group-dat
a-[disabled=true]:poi
nter-events-none grou
p-data-[disabled=true
]:opacity-50 peer-dis
abled:cursor-not-allo
wed peer-disabled:opa
city-50"[39m
                  [3
3mdata-slot[39m=[32
m"label"[39m
                  [3
3mfor[39m=[32m"card
Number"[39m
                
[36m>[39m
                  
[0mÏ▒┘é┘à 
Ïº┘äÏ¿ÏÀÏº┘éÏ®[0m
                
[36m</label>[39m
                
[36m<input[39m
                  [3
3mclass[39m=[32m"fi
le:text-foreground pl
aceholder:text-muted-
foreground 
selection:bg-primary 
selection:text-primar
y-foreground 
dark:bg-input/30 
border-input h-9 
w-full min-w-0 
rounded-md border 
bg-transparent px-3 
py-1 text-base 
shadow-xs transition-
[color,box-shadow] 
outline-none 
file:inline-flex 
file:h-7 
file:border-0 
file:bg-transparent 
file:text-sm 
file:font-medium disa
bled:pointer-events-n
one disabled:cursor-n
ot-allowed 
disabled:opacity-50 
md:text-sm focus-visi
ble:border-ring focus
-visible:ring-ring/50
 focus-visible:ring-[
3px] aria-invalid:rin
g-destructive/20 dark
:aria-invalid:ring-de
structive/40 aria-inv
alid:border-destructi
ve text-left"[39m
                  [3
3mdata-slot[39m=[32
m"input"[39m
                  [3
3mdir[39m=[32m"ltr"
[39m
                  [3
3mid[39m=[32m"cardN
umber"[39m
                  [3
3mmaxlength[39m=[32
m"19"[39m
                  [3
3mplaceholder[39m=[
32m"1234 5678 9012 
3456"[39m
                  [3
3mrequired[39m=[32m
""[39m
                  [3
3mtype[39m=[32m"tex
t"[39m
                  [3
3mvalue[39m=[32m""
[39m
                
[36m/>[39m
              
[36m</div>[39m
              
[36m<div[39m
                [33m
class[39m=[32m"grid
 grid-cols-2 
gap-4"[39m
              
[36m>[39m
                
[36m<div[39m
                  [3
3mclass[39m=[32m"sp
ace-y-2"[39m
                
[36m>[39m
                  
[36m<label[39m
                    
[33mclass[39m=[32m"
flex items-center 
gap-2 text-sm 
leading-none 
font-medium 
select-none group-dat
a-[disabled=true]:poi
nter-events-none grou
p-data-[disabled=true
]:opacity-50 peer-dis
abled:cursor-not-allo
wed peer-disabled:opa
city-50"[39m
                    
[33mdata-slot[39m=[
32m"label"[39m
                    
[33mfor[39m=[32m"ca
rdExpiry"[39m
                  
[36m>[39m
                    
[0mÏ¬ÏºÏ▒┘èÏ« 
Ïº┘äÏº┘åÏ¬┘çÏºÏí[0m
                  
[36m</label>[39m
                  
[36m<input[39m
                    
[33mclass[39m=[32m"
file:text-foreground 
placeholder:text-mute
d-foreground 
selection:bg-primary 
selection:text-primar
y-foreground 
dark:bg-input/30 
border-input h-9 
w-full min-w-0 
rounded-md border 
bg-transparent px-3 
py-1 text-base 
shadow-xs transition-
[color,box-shadow] 
outline-none 
file:inline-flex 
file:h-7 
file:border-0 
file:bg-transparent 
file:text-sm 
file:font-medium disa
bled:pointer-events-n
one disabled:cursor-n
ot-allowed 
disabled:opacity-50 
md:text-sm focus-visi
ble:border-ring focus
-visible:ring-ring/50
 focus-visible:ring-[
3px] aria-invalid:rin
g-destructive/20 dark
:aria-invalid:ring-de
structive/40 aria-inv
alid:border-destructi
ve text-left"[39m
                    
[33mdata-slot[39m=[
32m"input"[39m
                    
[33mdir[39m=[32m"lt
r"[39m
                    
[33mid[39m=[32m"car
dExpiry"[39m
                    
[33mmaxlength[39m=[
32m"5"[39m
                    
[33mplaceholder[39m=
[32m"MM/YY"[39m
                    
[33mrequired[39m=[3
2m""[39m
                    
[33mtype[39m=[32m"t
ext"[39m
                    
[33mvalue[39m=[32m"
"[39m
                  
[36m/>[39m
                
[36m</div>[39m
                
[36m<div[39m
                  [3
3mclass[39m=[32m"sp
ace-y-2"[39m
                
[36m>[39m
                  
[36m<label[39m
                    
[33mclass[39m=[32m"
flex items-center 
gap-2 text-sm 
leading-none 
font-medium 
select-none group-dat
a-[disabled=true]:poi
nter-events-none grou
p-data-[disabled=true
]:opacity-50 peer-dis
abled:cursor-not-allo
wed peer-disabled:opa
city-50"[39m
                    
[33mdata-slot[39m=[
32m"label"[39m
                    
[33mfor[39m=[32m"ca
rdCvv"[39m
                  
[36m>[39m
                    
[0mCVV[0m
                  
[36m</label>[39m
                  
[36m<input[39m
                    
[33mclass[39m=[32m"
file:text-foreground 
placeholder:text-mute
d-foreground 
selection:bg-primary 
selection:text-primar
y-foreground 
dark:bg-input/30 
border-input h-9 
w-full min-w-0 
rounded-md border 
bg-transparent px-3 
py-1 text-base 
shadow-xs transition-
[color,box-shadow] 
outline-none 
file:inline-flex 
file:h-7 
file:border-0 
file:bg-transparent 
file:text-sm 
file:font-medium disa
bled:pointer-events-n
one disabled:cursor-n
ot-allowed 
disabled:opacity-50 
md:text-sm focus-visi
ble:border-ring focus
-visible:ring-ring/50
 focus-visible:ring-[
3px] aria-invalid:rin
g-destructive/20 dark
:aria-invalid:ring-de
structive/40 aria-inv
alid:border-destructi
ve text-left"[39m
                    
[33mdata-slot[39m=[
32m"input"[39m
                    
[33mdir[39m=[32m"lt
r"[39m
                    
[33mid[39m=[32m"car
dCvv"[39m
                    
[33mmaxlength[39m=[
32m"4"[39m
                    
[33mplaceholder[39m=
[32m"123"[39m
                    
[33mrequired[39m=[3
2m""[39m
                    
[33mtype[39m=[32m"t
ext"[39m
                    
[33mvalue[39m=[32m"
"[39m
                  
[36m/>[39m
                
[36m</div>[39m
              
[36m</div>[39m
              
[36m<div[39m
                [33m
class[39m=[32m"spac
e-y-2"[39m
              
[36m>[39m
                
[36m<label[39m
                  [3
3mclass[39m=[32m"fl
ex items-center 
gap-2 text-sm 
leading-none 
font-medium 
select-none group-dat
a-[disabled=true]:poi
nter-events-none grou
p-data-[disabled=true
]:opacity-50 peer-dis
abled:cursor-not-allo
wed peer-disabled:opa
city-50"[39m
                  [3
3mdata-slot[39m=[32
m"label"[39m
                  [3
3mfor[39m=[32m"card
holderName"[39m
                
[36m>[39m
                  
[0mÏºÏ│┘à Ï¡Ïº┘à┘ä 
Ïº┘äÏ¿ÏÀÏº┘éÏ®[0m
                
[36m</label>[39m
                
[36m<input[39m
                  [3
3mclass[39m=[32m"fi
le:text-foreground pl
aceholder:text-muted-
foreground 
selection:bg-primary 
selection:text-primar
y-foreground 
dark:bg-input/30 
border-input h-9 
w-full min-w-0 
rounded-md border 
bg-transparent px-3 
py-1 text-base 
shadow-xs transition-
[color,box-shadow] 
outline-none 
file:inline-flex 
file:h-7 
file:border-0 
file:bg-transparent 
file:text-sm 
file:font-medium disa
bled:pointer-events-n
one disabled:cursor-n
ot-allowed 
disabled:opacity-50 
md:text-sm focus-visi
ble:border-ring focus
-visible:ring-ring/50
 focus-visible:ring-[
3px] aria-invalid:rin
g-destructive/20 dark
:aria-invalid:ring-de
structive/40 aria-inv
alid:border-destructi
ve text-left"[39m
                  [3
3mdata-slot[39m=[32
m"input"[39m
                  [3
3mdir[39m=[32m"ltr"
[39m
                  [3
3mid[39m=[32m"cardh
olderName"[39m
                  [3
3mplaceholder[39m=[
32m"ÏºÏ│┘à Ï¡Ïº┘à┘ä 
Ïº┘äÏ¿ÏÀÏº┘éÏ® 
┘â┘àÏº ┘ç┘ê 
┘à┘âÏ¬┘êÏ¿ Ï╣┘ä┘ë 
Ïº┘äÏ¿ÏÀÏº┘éÏ®"[39m
                  [3
3mrequired[39m=[32m
""[39m
                  [3
3mtype[39m=[32m"tex
t"[39m
                  [3
3mvalue[39m=[32m""
[39m
                
[36m/>[39m
              
[36m</div>[39m
              
[36m<div[39m
                [33m
class[39m=[32m"flex
 items-center gap-2 
text-xs text-muted-fo
reground"[39m
              
[36m>[39m
                
[36m<svg[39m
                  [3
3maria-hidden[39m=[
32m"true"[39m
                  [3
3mclass[39m=[32m"lu
cide lucide-shield 
h-4 w-4"[39m
                  [3
3mfill[39m=[32m"non
e"[39m
                  [3
3mheight[39m=[32m"2
4"[39m
                  [3
3mstroke[39m=[32m"c
urrentColor"[39m
                  [3
3mstroke-linecap[39m
=[32m"round"[39m
                  [3
3mstroke-linejoin[39
m=[32m"round"[39m
                  [3
3mstroke-width[39m=
[32m"2"[39m
                  [3
3mviewBox[39m=[32m"
0 0 24 24"[39m
                  [3
3mwidth[39m=[32m"24
"[39m
                  [3
3mxmlns[39m=[32m"ht
tp://www.w3.org/2000/
svg"[39m
                
[36m>[39m
                  
[36m<path[39m
                    
[33md[39m=[32m"M20 
13c0 5-3.5 7.5-7.66 
8.95a1 1 0 0 
1-.67-.01C7.5 20.5 4 
18 4 13V6a1 1 0 0 1 
1-1c2 0 4.5-1.2 
6.24-2.72a1.17 1.17 
0 0 1 1.52 0C14.51 
3.81 17 5 19 5a1 1 0 
0 1 1 1z"[39m
                  
[36m/>[39m
                
[36m</svg>[39m
                
[36m<span>[39m
                  
[0mÏ¼┘à┘èÏ╣ 
Ïº┘ä┘àÏ╣Ïº┘à┘äÏºÏ¬ 
┘àÏ¡┘à┘èÏ® 
┘ê┘àÏ┤┘üÏ▒Ï®[0m
                
[36m</span>[39m
              
[36m</div>[39m
              
[36m<button[39m
                [33m
class[39m=[32m"inli
ne-flex items-center 
justify-center gap-2 
whitespace-nowrap 
rounded-md text-sm 
font-medium disabled:
pointer-events-none 
disabled:opacity-50 [
&_svg]:pointer-events
-none [&_svg:not([cla
ss*='size-'])]:size-4
 shrink-0 
[&_svg]:shrink-0 
outline-none focus-vi
sible:border-ring foc
us-visible:ring-ring/
50 focus-visible:ring
-[3px] aria-invalid:r
ing-destructive/20 da
rk:aria-invalid:ring-
destructive/40 aria-i
nvalid:border-destruc
tive bg-primary text-
primary-foreground 
hover:bg-primary/90 s
hadow-[0_0_10px_rgba(
var(--primary),0.3)] 
hover:shadow-[0_0_20p
x_rgba(var(--primary)
,0.6)] 
transition-all 
duration-300 h-9 
px-4 py-2 
has-[>svg]:px-3 
w-full"[39m
                [33m
data-size[39m=[32m"
default"[39m
                [33m
data-slot[39m=[32m"
button"[39m
                [33m
data-variant[39m=[3
2m"default"[39m
                [33m
type[39m=[32m"submi
t"[39m
              
[36m>[39m
                
[0mÏ¬Ïú┘â┘èÏ» 
Ïº┘äÏ»┘üÏ╣[0m
              
[36m</button>[39m
            
[36m</form>[39m
          
[36m</div>[39m
        
[36m</div>[39m
      
[36m</div>[39m
    [36m</body>[39m

    [0m [90m 37 
|[39m
     [90m 38 |[39m 
        expect(screen
[33m.[39mgetByText(
[32m'Ïº┘äÏ»┘üÏ╣ 
Ï¿Ïº┘äÏ¿ÏÀÏº┘éÏ® Ïº┘ä
Ï¿┘å┘â┘èÏ®'[39m))[3
3m.[39mtoBeInTheDocu
ment()[33m;[39m
    [31m[1m>[22m[
39m[90m 39 |[39m   
      expect(screen[
33m.[39mgetByText([
32m'Ïº┘ä┘àÏ¿┘äÏ║: 
1,000 DZD'[39m))[33
m.[39mtoBeInTheDocum
ent()[33m;[39m
     [90m    |[39m 
                     
 [31m[1m^[22m[39m
     [90m 40 |[39m 
        expect(screen
[33m.[39mgetByLabel
Text([32m'Ï▒┘é┘à Ïº┘
äÏ¿ÏÀÏº┘éÏ®'[39m))[
33m.[39mtoBeInTheDoc
ument()[33m;[39m
     [90m 41 |[39m 
        expect(screen
[33m.[39mgetByLabel
Text([32m'Ï¬ÏºÏ▒┘èÏ«
 Ïº┘äÏº┘åÏ¬┘çÏºÏí'[3
9m))[33m.[39mtoBeIn
TheDocument()[33m;[
39m
     [90m 42 |[39m 
        expect(screen
[33m.[39mgetByLabel
Text([32m'CVV'[39m)
)[33m.[39mtoBeInThe
Document()[33m;[39m
[0m

      at Object.getEl
ementError (node_modu
les/@testing-library/
dom/dist/config.js:37
:19)
      at node_modules
/@testing-library/dom
/dist/query-helpers.j
s:76:38
      at node_modules
/@testing-library/dom
/dist/query-helpers.j
s:52:17
      at node_modules
/@testing-library/dom
/dist/query-helpers.j
s:95:19
      at 
Object.getByText (__t
ests__/components/pay
ment/bank-card-form.t
est.tsx:39:23)

  ÔùÅ BankCardForm 
ÔÇ║ validates form 
inputs

    expect(jest.fn())
.toHaveBeenCalledWith
(...expected)

    Expected: 
"┘èÏ▒Ï¼┘ë ÏÑÏ»Ï«Ïº┘ä 
Ï▒┘é┘à Ï¿ÏÀÏº┘éÏ® 
ÏÁÏ¡┘èÏ¡"

    Number of calls: 
0

    [0m [90m 51 
|[39m         
[90m// Empty 
submit[39m
     [90m 52 |[39m 
        fireEvent[33
m.[39mclick(submitBu
tton)[33m;[39m
    [31m[1m>[22m[
39m[90m 53 |[39m   
      expect(toast[3
3m.[39merror)[33m.
[39mtoHaveBeenCalledW
ith([32m'┘èÏ▒Ï¼┘ë 
ÏÑÏ»Ï«Ïº┘ä Ï▒┘é┘à 
Ï¿ÏÀÏº┘éÏ® ÏÁÏ¡┘èÏ¡'
[39m)[33m;[39m
     [90m    |[39m 
                     
       
[31m[1m^[22m[39m
     [90m 54 |[39m
     [90m 55 |[39m 
        [90m// 
Invalid card 
number[39m
     [90m 56 |[39m 
        
[36mconst[39m 
cardInput 
[33m=[39m screen[3
3m.[39mgetByLabelTex
t([32m'Ï▒┘é┘à Ïº┘äÏ¿
ÏÀÏº┘éÏ®'[39m)[33m;
[39m[0m

      at Object.toHav
eBeenCalledWith (__te
sts__/components/paym
ent/bank-card-form.te
st.tsx:53:29)

  ÔùÅ BankCardForm 
ÔÇ║ handles 3D 
secure redirect

    TypeError: 
Cannot redefine 
property: location
        at Function.d
efineProperty 
(<anonymous>)

    [0m [90m 116 
|[39m
     [90m 117 
|[39m         
[90m// Mock 
window.location[39m
    [31m[1m>[22m[
39m[90m 118 |[39m  
       [33mObject[3
9m[33m.[39mdefinePr
operty(window[33m,[
39m [32m'location'[
39m[33m,[39m {
     [90m     
|[39m               
 [31m[1m^[22m[39m
     [90m 119 
|[39m             
value[33m:[39m { 
href[33m:[39m 
[32m''[39m 
}[33m,[39m
     [90m 120 
|[39m             
writable[33m:[39m 
[36mtrue[39m
     [90m 121 
|[39m         
})[33m;[39m[0m

      at Object.defin
eProperty (__tests__/
components/payment/ba
nk-card-form.test.tsx
:118:16)

FAIL __tests__/compon
ents/payment/baridimo
b-form.test.tsx
  ÔùÅ BaridiMobForm 
ÔÇ║ renders phone 
input initially

    TestingLibraryEle
mentError: Unable to 
find an element with 
the text: 
Ïº┘ä┘àÏ¿┘äÏ║: 1,000 
DZD. This could be 
because the text is 
broken up by 
multiple elements. 
In this case, you 
can provide a 
function for your 
text matcher to make 
your matcher more 
flexible.

    Ignored nodes: 
comments, script, 
style
    [36m<body>[39m
      [36m<div>[39m
        
[36m<div[39m
          [33mclass
[39m=[32m"bg-card/50
 backdrop-blur-xl 
text-card-foreground 
flex flex-col gap-6 
rounded-xl border 
border-white/10 py-6 
shadow-lg 
transition-all 
duration-300 hover:sh
adow-primary/5"[39m
          [33mdata-s
lot[39m=[32m"card"
[39m
        [36m>[39m
          
[36m<div[39m
            [33mclas
s[39m=[32m"@contain
er/card-header grid 
auto-rows-min grid-ro
ws-[auto_auto] 
items-start gap-2 
px-6 has-data-[slot=c
ard-action]:grid-cols
-[1fr_auto] [.border-
b]:pb-6"[39m
            [33mdata
-slot[39m=[32m"card
-header"[39m
          [36m>[39m
            
[36m<div[39m
              [33mcl
ass[39m=[32m"leadin
g-none font-semibold 
flex items-center 
gap-2"[39m
              [33mda
ta-slot[39m=[32m"ca
rd-title"[39m
            
[36m>[39m
              
[36m<svg[39m
                [33m
aria-hidden[39m=[32
m"true"[39m
                [33m
class[39m=[32m"luci
de lucide-smartphone 
h-5 w-5"[39m
                [33m
fill[39m=[32m"none"
[39m
                [33m
height[39m=[32m"24"
[39m
                [33m
stroke[39m=[32m"cur
rentColor"[39m
                [33m
stroke-linecap[39m=
[32m"round"[39m
                [33m
stroke-linejoin[39m=
[32m"round"[39m
                [33m
stroke-width[39m=[3
2m"2"[39m
                [33m
viewBox[39m=[32m"0 
0 24 24"[39m
                [33m
width[39m=[32m"24"
[39m
                [33m
xmlns[39m=[32m"http
://www.w3.org/2000/sv
g"[39m
              
[36m>[39m
                
[36m<rect[39m
                  [3
3mheight[39m=[32m"2
0"[39m
                  [3
3mrx[39m=[32m"2"[3
9m
                  [3
3mry[39m=[32m"2"[3
9m
                  [3
3mwidth[39m=[32m"14
"[39m
                  [3
3mx[39m=[32m"5"[39
m
                  [3
3my[39m=[32m"2"[39
m
                
[36m/>[39m
                
[36m<path[39m
                  [3
3md[39m=[32m"M12 
18h.01"[39m
                
[36m/>[39m
              
[36m</svg>[39m
              
[0mÏº┘äÏ»┘üÏ╣ 
Ï╣Ï¿Ï▒ Ï¿Ï▒┘èÏ»┘è 
┘à┘êÏ¿[0m
            
[36m</div>[39m
            
[36m<div[39m
              [33mcl
ass[39m=[32m"text-m
uted-foreground 
text-sm"[39m
              [33mda
ta-slot[39m=[32m"ca
rd-description"[39m
            
[36m>[39m
              
[0mÏº┘ä┘àÏ¿┘äÏ║: 
[0m
              
[0m1.000[0m
              [0m 
[0m
              
[0mDZD[0m
            
[36m</div>[39m
          
[36m</div>[39m
          
[36m<div[39m
            [33mclas
s[39m=[32m"px-6"[3
9m
            [33mdata
-slot[39m=[32m"card
-content"[39m
          [36m>[39m
            
[36m<form[39m
              [33mcl
ass[39m=[32m"space-
y-4"[39m
            
[36m>[39m
              
[36m<div[39m
                [33m
class[39m=[32m"spac
e-y-2"[39m
              
[36m>[39m
                
[36m<label[39m
                  [3
3mclass[39m=[32m"fl
ex items-center 
gap-2 text-sm 
leading-none 
font-medium 
select-none group-dat
a-[disabled=true]:poi
nter-events-none grou
p-data-[disabled=true
]:opacity-50 peer-dis
abled:cursor-not-allo
wed peer-disabled:opa
city-50"[39m
                  [3
3mdata-slot[39m=[32
m"label"[39m
                  [3
3mfor[39m=[32m"phon
e"[39m
                
[36m>[39m
                  
[0mÏ▒┘é┘à 
Ïº┘ä┘çÏºÏ¬┘ü[0m
                
[36m</label>[39m
                
[36m<input[39m
                  [3
3mclass[39m=[32m"fi
le:text-foreground pl
aceholder:text-muted-
foreground 
selection:bg-primary 
selection:text-primar
y-foreground 
dark:bg-input/30 
border-input h-9 
w-full min-w-0 
rounded-md border 
bg-transparent px-3 
py-1 text-base 
shadow-xs transition-
[color,box-shadow] 
outline-none 
file:inline-flex 
file:h-7 
file:border-0 
file:bg-transparent 
file:text-sm 
file:font-medium disa
bled:pointer-events-n
one disabled:cursor-n
ot-allowed 
disabled:opacity-50 
md:text-sm focus-visi
ble:border-ring focus
-visible:ring-ring/50
 focus-visible:ring-[
3px] aria-invalid:rin
g-destructive/20 dark
:aria-invalid:ring-de
structive/40 aria-inv
alid:border-destructi
ve text-left"[39m
                  [3
3mdata-slot[39m=[32
m"input"[39m
                  [3
3mdir[39m=[32m"ltr"
[39m
                  [3
3mid[39m=[32m"phone
"[39m
                  [3
3mplaceholder[39m=[
32m"213XXXXXXXXX"[39
m
                  [3
3mrequired[39m=[32m
""[39m
                  [3
3mtype[39m=[32m"tel
"[39m
                  [3
3mvalue[39m=[32m""
[39m
                
[36m/>[39m
                
[36m<p[39m
                  [3
3mclass[39m=[32m"te
xt-xs text-muted-fore
ground"[39m
                
[36m>[39m
                  
[0mÏúÏ»Ï«┘ä Ï▒┘é┘à 
┘çÏºÏ¬┘ü┘â 
Ïº┘ä┘àÏ¡┘à┘ê┘ä 
Ïº┘ä┘àÏ│Ï¼┘ä ┘ü┘è 
Ï¿Ï▒┘èÏ»┘è ┘à┘êÏ¿[0m
                
[36m</p>[39m
              
[36m</div>[39m
              
[36m<button[39m
                [33m
class[39m=[32m"inli
ne-flex items-center 
justify-center gap-2 
whitespace-nowrap 
rounded-md text-sm 
font-medium disabled:
pointer-events-none 
disabled:opacity-50 [
&_svg]:pointer-events
-none [&_svg:not([cla
ss*='size-'])]:size-4
 shrink-0 
[&_svg]:shrink-0 
outline-none focus-vi
sible:border-ring foc
us-visible:ring-ring/
50 focus-visible:ring
-[3px] aria-invalid:r
ing-destructive/20 da
rk:aria-invalid:ring-
destructive/40 aria-i
nvalid:border-destruc
tive bg-primary text-
primary-foreground 
hover:bg-primary/90 s
hadow-[0_0_10px_rgba(
var(--primary),0.3)] 
hover:shadow-[0_0_20p
x_rgba(var(--primary)
,0.6)] 
transition-all 
duration-300 h-9 
px-4 py-2 
has-[>svg]:px-3 
w-full"[39m
                [33m
data-size[39m=[32m"
default"[39m
                [33m
data-slot[39m=[32m"
button"[39m
                [33m
data-variant[39m=[3
2m"default"[39m
                [33m
type[39m=[32m"submi
t"[39m
              
[36m>[39m
                
[0mÏÑÏ▒Ï│Ïº┘ä 
Ï▒┘àÏ▓ 
Ïº┘äÏ¬Ï¡┘é┘é[0m
              
[36m</button>[39m
            
[36m</form>[39m
          
[36m</div>[39m
        
[36m</div>[39m
      
[36m</div>[39m
    [36m</body>[39m

    [0m [90m 36 
|[39m
     [90m 37 |[39m 
        expect(screen
[33m.[39mgetByText(
[32m'Ïº┘äÏ»┘üÏ╣ 
Ï╣Ï¿Ï▒ Ï¿Ï▒┘èÏ»┘è ┘à┘
êÏ¿'[39m))[33m.[39
mtoBeInTheDocument()
[33m;[39m
    [31m[1m>[22m[
39m[90m 38 |[39m   
      expect(screen[
33m.[39mgetByText([
32m'Ïº┘ä┘àÏ¿┘äÏ║: 
1,000 DZD'[39m))[33
m.[39mtoBeInTheDocum
ent()[33m;[39m
     [90m    |[39m 
                     
 [31m[1m^[22m[39m
     [90m 39 |[39m 
        expect(screen
[33m.[39mgetByLabel
Text([32m'Ï▒┘é┘à Ïº┘
ä┘çÏºÏ¬┘ü'[39m))[33
m.[39mtoBeInTheDocum
ent()[33m;[39m
     [90m 40 |[39m 
    })[33m;[39m
     [90m 41 
|[39m[0m

      at Object.getEl
ementError (node_modu
les/@testing-library/
dom/dist/config.js:37
:19)
      at node_modules
/@testing-library/dom
/dist/query-helpers.j
s:76:38
      at node_modules
/@testing-library/dom
/dist/query-helpers.j
s:52:17
      at node_modules
/@testing-library/dom
/dist/query-helpers.j
s:95:19
      at 
Object.getByText (__t
ests__/components/pay
ment/baridimob-form.t
est.tsx:38:23)

  ÔùÅ BaridiMobForm 
ÔÇ║ validates phone 
input

    expect(jest.fn())
.toHaveBeenCalledWith
(...expected)

    Expected: 
"┘èÏ▒Ï¼┘ë ÏÑÏ»Ï«Ïº┘ä 
Ï▒┘é┘à ┘çÏºÏ¬┘ü 
ÏÁÏ¡┘èÏ¡"

    Number of calls: 
0

    [0m [90m 45 
|[39m         
[90m// Empty 
submit[39m
     [90m 46 |[39m 
        fireEvent[33
m.[39mclick(screen[
33m.[39mgetByRole([
32m'button'[39m[33m
,[39m { 
name[33m:[39m 
[35m/ÏÑÏ▒Ï│Ïº┘ä 
Ï▒┘àÏ▓ 
Ïº┘äÏ¬Ï¡┘é┘é/i[39m 
}))[33m;[39m
    [31m[1m>[22m[
39m[90m 47 |[39m   
      expect(toast[3
3m.[39merror)[33m.
[39mtoHaveBeenCalledW
ith([32m'┘èÏ▒Ï¼┘ë 
ÏÑÏ»Ï«Ïº┘ä Ï▒┘é┘à 
┘çÏºÏ¬┘ü ÏÁÏ¡┘èÏ¡'[3
9m)[33m;[39m
     [90m    |[39m 
                     
       
[31m[1m^[22m[39m
     [90m 48 |[39m
     [90m 49 |[39m 
        [90m// 
Short phone 
number[39m
     [90m 50 |[39m 
        
[36mconst[39m 
phoneInput 
[33m=[39m screen[3
3m.[39mgetByLabelTex
t([32m'Ï▒┘é┘à Ïº┘ä┘ç
ÏºÏ¬┘ü'[39m)[33m;[
39m[0m

      at Object.toHav
eBeenCalledWith (__te
sts__/components/paym
ent/baridimob-form.te
st.tsx:47:29)

Test Suites: 2 
failed, 2 total
Tests:       5 
failed, 6 passed, 11 
total
Snapshots:   0 total
Time:        8.099 s
Ran all test suites 
matching components/p
ayment/bank-card-form
.test.tsx|components/
payment/baridimob-for
m.test.tsx.
