🔄 Testing Booking Idempotency & Locking...
python : Traceback 
(most recent call 
last):
Au caractère Ligne:1 
: 1
+ python scripts/test
_offline_idempotency.
py > test_output.txt 
2>&1
+ ~~~~~~~~~~~~~~~~~~~
~~~~~~~~~~~~~~~~~~~~~
~~~~~~~~~~~~~~~~~~~~~
~~~~
    + CategoryInfo   
           : NotSpe  
  cified: (Traceba   
 ck (most recent     
call last)::Stri    
ng) [], RemoteEx    
ception
    + FullyQualified 
   ErrorId : Native  
  CommandError
 
  File "C:\Users\pc\D
esktop\ReadyRent_Gala
\backend\scripts\test
_offline_idempotency.
py", line 100, in 
<module>
    
test_idempotency()
    
~~~~~~~~~~~~~~~~^^
  File "C:\Users\pc\D
esktop\ReadyRent_Gala
\backend\scripts\test
_offline_idempotency.
py", line 19, in 
test_idempotency
    user, _ = User.ob
jects.get_or_create(e
mail="offline_tester@
example.com", default
s={'username': 
'offline_tester'})
              ^^^^
NameError: name 
'User' is not defined
Sentry is attempting 
to send 2 pending 
events
Waiting up to 2 
seconds
Press Ctrl-Break to 
quit
